
 Start  Stop   Length Name               Class

 00000H 00742H 00743H _TEXT              CODE
 00750H 00947H 001F8H _DATA              DATA
 00950H 00B4FH 00200H STACK              STACK

  Address         Publics by Name

 0000:045D       ATOI
 0000:0303       BINTODEC
 0000:03D9       BUFFERTOSTRUCT
 0000:06DA       CHANGEOPERAND
 0000:0326       CHECKONDOT
 0000:0399       CHECKONNUMBER
 0000:034C       CHECKONSIZE
 0000:0437       CLEARMASSIVE
 0000:02D6       GETCH
 0000:0729       MINIMUMOPERAND
 0000:048C       MULFIVE
 0000:061A       NORMALIZE
 0000:044A       OUTMASSIVE
 0000:0671       OUTSTRUCT
 0000:02FA       PUTC
 0000:02DB       PUTSS
 0000:05A1       SUBTRACTION
 0000:0508       SUMOPERAND

  Address         Publics by Value

 0000:02D6       GETCH
 0000:02DB       PUTSS
 0000:02FA       PUTC
 0000:0303       BINTODEC
 0000:0326       CHECKONDOT
 0000:034C       CHECKONSIZE
 0000:0399       CHECKONNUMBER
 0000:03D9       BUFFERTOSTRUCT
 0000:0437       CLEARMASSIVE
 0000:044A       OUTMASSIVE
 0000:045D       ATOI
 0000:048C       MULFIVE
 0000:0508       SUMOPERAND
 0000:05A1       SUBTRACTION
 0000:061A       NORMALIZE
 0000:0671       OUTSTRUCT
 0000:06DA       CHANGEOPERAND
 0000:0729       MINIMUMOPERAND

Program entry point at 0000:0000

