
 Start  Stop   Length Name               Class

 00000H 00666H 00667H _TEXT              CODE
 00670H 00851H 001E2H _DATA              DATA
 00860H 00A5FH 00200H STACK              STACK

  Address         Publics by Name

 0000:03DB       ATOI
 0000:0281       BINTODEC
 0000:0357       BUFFERTOSTRUCT
 0000:0618       CHANGEOPERAND
 0000:02A4       CHECKONDOT
 0000:0317       CHECKONNUMBER
 0000:02CA       CHECKONSIZE
 0000:03B5       CLEARMASSIVE
 0000:0254       GETCH
 0000:040A       MULFIVE
 0000:0598       NORMALIZE
 0000:03C8       OUTMASSIVE
 0000:05EF       OUTSTRUCT
 0000:0278       PUTC
 0000:0259       PUTSS
 0000:051F       SUBTRACTION
 0000:0486       SUMOPERAND

  Address         Publics by Value

 0000:0254       GETCH
 0000:0259       PUTSS
 0000:0278       PUTC
 0000:0281       BINTODEC
 0000:02A4       CHECKONDOT
 0000:02CA       CHECKONSIZE
 0000:0317       CHECKONNUMBER
 0000:0357       BUFFERTOSTRUCT
 0000:03B5       CLEARMASSIVE
 0000:03C8       OUTMASSIVE
 0000:03DB       ATOI
 0000:040A       MULFIVE
 0000:0486       SUMOPERAND
 0000:051F       SUBTRACTION
 0000:0598       NORMALIZE
 0000:05EF       OUTSTRUCT
 0000:0618       CHANGEOPERAND

Program entry point at 0000:0000

