
 Start  Stop   Length Name               Class

 00000H 00746H 00747H _TEXT              CODE
 00750H 00947H 001F8H _DATA              DATA
 00950H 00B4FH 00200H STACK              STACK

  Address         Publics by Name

 0000:0461       ATOI
 0000:0307       BINTODEC
 0000:03DD       BUFFERTOSTRUCT
 0000:06DE       CHANGEOPERAND
 0000:032A       CHECKONDOT
 0000:039D       CHECKONNUMBER
 0000:0350       CHECKONSIZE
 0000:043B       CLEARMASSIVE
 0000:02DA       GETCH
 0000:072D       MINIMUMOPERAND
 0000:0490       MULFIVE
 0000:061E       NORMALIZE
 0000:044E       OUTMASSIVE
 0000:0675       OUTSTRUCT
 0000:02FE       PUTC
 0000:02DF       PUTSS
 0000:05A5       SUBTRACTION
 0000:050C       SUMOPERAND

  Address         Publics by Value

 0000:02DA       GETCH
 0000:02DF       PUTSS
 0000:02FE       PUTC
 0000:0307       BINTODEC
 0000:032A       CHECKONDOT
 0000:0350       CHECKONSIZE
 0000:039D       CHECKONNUMBER
 0000:03DD       BUFFERTOSTRUCT
 0000:043B       CLEARMASSIVE
 0000:044E       OUTMASSIVE
 0000:0461       ATOI
 0000:0490       MULFIVE
 0000:050C       SUMOPERAND
 0000:05A5       SUBTRACTION
 0000:061E       NORMALIZE
 0000:0675       OUTSTRUCT
 0000:06DE       CHANGEOPERAND
 0000:072D       MINIMUMOPERAND

Program entry point at 0000:0000

